start tests…
swap { x = "hello"; y = "world"; artificial_delay_s = None; } =
{ x = "world"; y = "hello"; artificial_delay_s = None; }
after timeout: Batrpc error:
timeout
end tests
listening on port 123456
start tests…
swap { x = "hello"; y = "world"; artificial_delay_s = None; } =
{ x = "world"; y = "hello"; artificial_delay_s = None; }
after timeout: Batrpc error:
timeout
end tests
start tests…
swap { x = "hello"; y = "world"; artificial_delay_s = None; } =
{ x = "world"; y = "hello"; artificial_delay_s = None; }
after timeout: Batrpc error:
timeout
end tests
listening on port 123456
start tests…
swap { x = "hello"; y = "world"; artificial_delay_s = None; } =
{ x = "world"; y = "hello"; artificial_delay_s = None; }
after timeout: Batrpc error:
timeout
end tests
